// Jest Snapshot v1, https://goo.gl/fbAQLP

exports[`Edit EditDestination Test should render Edit EditDestination 1`] = `
<Modal
  ariaHideApp={true}
  bodyOpenClassName="ReactModal__Body--open"
  className="editModal"
  closeTimeoutMS={0}
  contentLabel="Modal #1 Global Style Override Example"
  isOpen={true}
  onRequestClose={false}
  overlayClassName="Overlay"
  parentSelector={[Function]}
  portalClassName="ReactModalPortal"
  role="dialog"
  shouldCloseOnEsc={true}
  shouldCloseOnOverlayClick={true}
  shouldFocusAfterRender={true}
  shouldReturnFocusAfterClose={true}
>
  <div
    style={
      Object {
        "alignItem": "center",
        "backgroundColor": "#806B75",
        "display": "flex",
        "justifyContent": "center",
        "padding": 15,
        "position": "relative",
      }
    }
  >
    <span
      style={
        Object {
          "bottom": 5,
          "color": "white",
          "cursor": "pointer",
          "fontSize": "1.8em",
          "padding": 5,
          "position": "absolute",
          "right": 5,
        }
      }
    >
      <i
        className="far fa-times-circle"
        onClick={false}
      />
    </span>
    <h3
      style={
        Object {
          "color": "white",
          "fontSize": "1.4rem",
          "fontWeight": "bold",
        }
      }
    >
      Your Order
    </h3>
  </div>
  <div
    style={
      Object {
        "maxWidth": "100%",
        "padding": "10px",
      }
    }
  >
    <form
      noValidate={true}
      onSubmit={[Function]}
    >
      <div
        style={
          Object {
            "display": "flex",
          }
        }
      >
        <label
          style={
            Object {
              "color": "#806B75",
              "flex": 3,
              "fontWeight": "bold",
            }
          }
        >
          New Destination:
        </label>
        <input
          name="destination"
          onChange={[Function]}
          style={
            Object {
              "borderColor": "rgba(0, 0, 0, 0.3)",
              "borderRadius": 10,
              "color": "#806B75",
              "flex": 4,
              "fontSize": "14px",
              "outline": "none",
              "padding": "8px 10px",
              "width": "100%",
            }
          }
          type="text"
          value="dkkdkd"
        />
      </div>
      <button
        className="button edit-direction"
      >
        change Destination
      </button>
    </form>
  </div>
</Modal>
`;
