// Jest Snapshot v1, https://goo.gl/fbAQLP

exports[`Shared Components Test <About> should render about component 1`] = `
<Fragment>
  <div
    className="about-us"
  >
    <div
      className="about-us-header"
    >
      <div
        className="about-us-header-content"
      >
        <h1>
          About SendIT Courier Services
        </h1>
        <p>
          Our mission is ensure that parcels are sent smoothly to various destinations across Nigeria.
        </p>
      </div>
    </div>
    <div
      className="about-us-body-heading"
    >
      <h1>
        WHO WE ARE
      </h1>
    </div>
    <div
      className="about-us-body"
    >
      <div
        className="image-container image-1"
      >
        <img
          src="/src/assets/rawpixel-799527-unsplash.jpg"
        />
        <h3>
          History of SendIT
        </h3>
        <p>
          Send It began some 15 years ago at Banana Island, Lagos.
        </p>
      </div>
      <div
        className="image-container image-2"
      >
        <img
          src="/src/assets/images.jpeg"
        />
        <h3>
          Motivation
        </h3>
        <p>
          Due to several complains regarding existing Courier Services, SendIT inc was formed to solve the problem
        </p>
      </div>
      <div
        className="image-container image-3"
      >
        <img
          src="/src/assets/quickorder-301139-unsplash.jpg"
        />
        <h3>
          Vision
        </h3>
        <p>
          To be among the top leading Courier Services in Africa
        </p>
      </div>
      <div
        className="image-container image-3"
      >
        <img
          src="/src/assets/rawpixel-783423-unsplash.jpg"
        />
        <h3>
          Mission
        </h3>
        <p>
          By Prompt Delivery of parcels to various destination with the satisfaction of customers in mind.
        </p>
      </div>
    </div>
  </div>
</Fragment>
`;

exports[`Shared Components Test <Footer> should render a footer component 1`] = `
<Fragment>
  <footer>
    <p>
      SendIT Â© 2019 Obasaju Joshua
    </p>
  </footer>
</Fragment>
`;

exports[`Shared Components Test <PageFooter> should render a page footer component 1`] = `
<Fragment>
  <div
    className="page-footer"
  >
    <h1>
      <Link
        replace={false}
        to="/about"
      >
        WHY CHOOSE US?
      </Link>
    </h1>
  </div>
</Fragment>
`;

exports[`Shared Components Test <PageHeader> should render a page footer component 1`] = `
<div>
  <div
    className="container"
  >
    <header
      className="service-header"
    >
      <div
        className="service-brand-name"
      >
        <h1
          style={
            Object {
              "color": "#846975",
            }
          }
        >
          <span>
            SendIT
          </span>
          SERVICES
        </h1>
      </div>
      <nav>
        <div
          className="service-group"
        >
          <span
            className="service-span"
          >
            <i
              className="fas fa-phone"
            />
          </span>
          <div
            className="service-phone-content"
          >
            <p>
              078987 -87444
            </p>
            <p
              className="service-email"
            >
              info@sendit.com
            </p>
          </div>
          <div
            className="service-group"
          >
            <span
              className="service-span"
            >
              <i
                className="fas fa-home"
              />
            </span>
            <div
              className="service-phone-content"
            >
              <p>
                Street 43, Ikoyi Road Lagos
              </p>
              <p
                className="service-email"
              >
                23 Rail way, Ikeja.
              </p>
            </div>
          </div>
        </div>
      </nav>
    </header>
  </div>
</div>
`;
