// Jest Snapshot v1, https://goo.gl/fbAQLP

exports[` <Login>  should render Login Component 1`] = `
<Fragment>
  <div
    className="account-wrapper"
  >
    <div
      className="form-wrapper sign-wrapper"
    >
      <form
        noValidate={true}
        onSubmit={[Function]}
      >
        <h2>
          Sign In
        </h2>
        <div
          className="form-group"
        >
          <label
            htmlFor="email"
          >
            Email
          </label>
          <input
            name="email"
            onChange={[Function]}
            placeholder="yourname@example.com"
            type="email"
            value=""
          />
        </div>
        <div
          className="form-group"
        >
          <label
            htmlFor="password"
          >
            Password
          </label>
          <input
            name="password"
            onChange={[Function]}
            placeholder="your password"
            type="password"
            value=""
          />
        </div>
        <button
          type="submit"
        >
          Login
        </button>
      </form>
    </div>
  </div>
</Fragment>
`;
